# sub wolf(WOLF,/wynton/home/doudna/bellieny-rabelo/DaliLite.v5/bin/serialcompare,../DAT/,../DAT/,0)
wolf: /wynton/home/doudna/bellieny-rabelo/DaliLite.v5/bin/serialcompare ../DAT/ ../DAT/ WOLF > /dev/null ; cat fort.1[0-9][0-9] > wolf_output ; rm fort.1[0-9][0-9] ; /wynton/home/doudna/bellieny-rabelo/DaliLite.v5/bin/serialcompare ../DAT/ ../DAT/ DP < wolf_output > /dev/null ; cat fort.1[0-9][0-9] | perl /wynton/home/doudna/bellieny-rabelo/DaliLite.v5/bin/dccp2dalicon.pl > dalicon_input ; rm -f fort.1[0-9][0-9] 
# sub dalicon(dalicon_input,T,/wynton/home/doudna/bellieny-rabelo/DaliLite.v5/bin/serialcompare,../DAT/,../DAT/,0)
# /wynton/home/doudna/bellieny-rabelo/DaliLite.v5/bin/serialcompare ../DAT/ ../DAT/ DALICON T < dalicon_input > /dev/null
# cat fort.1[0-9][0-9] > dp_input ; rm fort.* ; /wynton/home/doudna/bellieny-rabelo/DaliLite.v5/bin/serialcompare ../DAT/ ../DAT/ DP < dp_input > /dev/null
rm -f fort.* ; /wynton/home/doudna/bellieny-rabelo/DaliLite.v5/bin/serialcompare ../DAT/ ../DAT/ PARSI > /dev/null
cat fort.1[0-9][0-9] > filter_input ; rm -f fort.*; /wynton/home/doudna/bellieny-rabelo/DaliLite.v5/bin/serialcompare ../DAT/ ../DAT/ FILTER95 < filter_input 
sort -nr fort.1[0-9][0-9] | uniq | perl /wynton/home/doudna/bellieny-rabelo/DaliLite.v5/bin/pipe96-free.pl 1.0 2 > dalicon_input ; rm -f fort.* 
# sub dalicon(dalicon_input,T,/wynton/home/doudna/bellieny-rabelo/DaliLite.v5/bin/serialcompare,../DAT/,../DAT/,0)
# /wynton/home/doudna/bellieny-rabelo/DaliLite.v5/bin/serialcompare ../DAT/ ../DAT/ DALICON T < dalicon_input > /dev/null
# cat fort.1[0-9][0-9] > dp_input ; rm fort.* ; /wynton/home/doudna/bellieny-rabelo/DaliLite.v5/bin/serialcompare ../DAT/ ../DAT/ DP < dp_input > /dev/null
# sub wolf(WOLF,/wynton/home/doudna/bellieny-rabelo/DaliLite.v5/bin/serialcompare,../DAT/,../DAT/,2)
wolf: /wynton/home/doudna/bellieny-rabelo/DaliLite.v5/bin/serialcompare ../DAT/ ../DAT/ WOLF > /dev/null ; cat fort.1[0-9][0-9] > wolf_output ; rm fort.1[0-9][0-9] ; /wynton/home/doudna/bellieny-rabelo/DaliLite.v5/bin/serialcompare ../DAT/ ../DAT/ DP < wolf_output > /dev/null ; cat fort.1[0-9][0-9] | perl /wynton/home/doudna/bellieny-rabelo/DaliLite.v5/bin/dccp2dalicon.pl > dalicon_input ; rm -f fort.1[0-9][0-9] 
# sub dalicon(dalicon_input,T,/wynton/home/doudna/bellieny-rabelo/DaliLite.v5/bin/serialcompare,../DAT/,../DAT/,2)
# /wynton/home/doudna/bellieny-rabelo/DaliLite.v5/bin/serialcompare ../DAT/ ../DAT/ DALICON T < dalicon_input > /dev/null
# cat fort.1[0-9][0-9] > dp_input ; rm fort.* ; /wynton/home/doudna/bellieny-rabelo/DaliLite.v5/bin/serialcompare ../DAT/ ../DAT/ DP < dp_input > /dev/null
rm -f fort.* ; /wynton/home/doudna/bellieny-rabelo/DaliLite.v5/bin/serialcompare ../DAT/ ../DAT/ PARSI > /dev/null
cat fort.1[0-9][0-9] > filter_input ; rm -f fort.*; /wynton/home/doudna/bellieny-rabelo/DaliLite.v5/bin/serialcompare ../DAT/ ../DAT/ FILTER95 < filter_input 
sort -nr fort.1[0-9][0-9] | uniq | perl /wynton/home/doudna/bellieny-rabelo/DaliLite.v5/bin/pipe96-free.pl 1.0 2 > dalicon_input ; rm -f fort.* 
# sub dalicon(dalicon_input,T,/wynton/home/doudna/bellieny-rabelo/DaliLite.v5/bin/serialcompare,../DAT/,../DAT/,2)
# /wynton/home/doudna/bellieny-rabelo/DaliLite.v5/bin/serialcompare ../DAT/ ../DAT/ DALICON T < dalicon_input > /dev/null
# cat fort.1[0-9][0-9] > dp_input ; rm fort.* ; /wynton/home/doudna/bellieny-rabelo/DaliLite.v5/bin/serialcompare ../DAT/ ../DAT/ DP < dp_input > /dev/null
# 2nrmA generate_FSSP
perl /wynton/home/doudna/bellieny-rabelo/DaliLite.v5/bin/sortdccp.pl < 2nrmA.dccp | perl /wynton/home/doudna/bellieny-rabelo/DaliLite.v5/bin/fsspfilter.pl 2nrmA 2 1 1 | /wynton/home/doudna/bellieny-rabelo/DaliLite.v5/bin/fssp 2nrmA 1 ../DAT/ ../DAT/ | perl /wynton/home/doudna/bellieny-rabelo/DaliLite.v5/bin/fsspselect.pl pdb.list 2 1 | perl /wynton/home/doudna/bellieny-rabelo/DaliLite.v5/bin/htmljs.pl ../DAT/ ../DAT/ test "systematic" "summary"  > 2nrmA.html 2> 2nrmA.txt
